autocore automount base-files default-settings-chn dnsmasq-full dropbear fdisk fstools grub2-bios-setup i915-firmware-dmc kmod-fs-f2fs kmod-nf-nathelper kmod-nf-nathelper-extra kmod-nft-offload kmod-r8168 kmod-usb-hid kmod-usb-net libustream-openssl logd luci-app-package-manager luci-compat luci-lib-ipkg luci-light mkf2fs mtd netifd nftables odhcp6c odhcpd-ipv6only opkg partx-utils ppp-mod-pppoe procd-ujail uci uclient-fetch urandom-seed urngd kmod-e1000e kmod-via-rhine

acpid
beep
bluez-utils
curl
dbus
dmidecode
docker
dockerd
f2fs-tools
file
git
htop
ip-full
iperf3
less
losetup
lsblk
lsof
luci-i18n-adblock-fast-zh-cn
luci-i18n-arpbind-zh-cn
luci-i18n-bcp38-zh-cn
luci-i18n-commands-zh-cn
luci-i18n-diskman-zh-cn
luci-i18n-firewall-zh-cn
luci-i18n-package-manager-zh-cn
luci-i18n-pbr-zh-cn
luci-i18n-wol-zh-cn
luci-i18n-watchcat-zh-cn
luci-proto-gre
luci-proto-openconnect
luci-proto-vxlan
luci-proto-wireguard
mtr
ncdu
nnn
owut
pciutils
picocom
pv
resize2fs
ripgrep
rhash
rsync
ss
tcpdump
tmux
usbutils
vim-full
vim-runtime
xxhash
xz
zram-swap
zsh
